2026-06-06 17:10:11 - ObjectDetection - INFO - Starting Realtime Object Detection Application...
2026-06-06 17:10:11 - ObjectDetection - INFO - Loading YOLO model from yolo26n.pt on device=auto...
2026-06-06 17:10:14 - ObjectDetection - INFO - Model loaded successfully.
2026-06-06 17:10:14 - ObjectDetection - INFO - Opening video source: 0
2026-06-06 17:12:12 - ObjectDetection - INFO - Starting Realtime Object Detection Application...
2026-06-06 17:12:12 - ObjectDetection - INFO - Loading YOLO model from yolo26n.pt on device=auto...
2026-06-06 17:12:12 - ObjectDetection - INFO - Model loaded successfully.
2026-06-06 17:12:12 - ObjectDetection - INFO - Opening video source: 0
2026-06-06 17:12:29 - ObjectDetection - INFO - Entering main loop. Press 'Q' or 'ESC' to exit.
2026-06-06 17:20:15 - ObjectDetection - INFO - Starting Realtime Object Detection Application...
2026-06-06 17:20:15 - ObjectDetection - INFO - Loading YOLO model from yolo26n.pt on device=auto...
2026-06-06 17:20:16 - ObjectDetection - INFO - Model loaded successfully.
2026-06-06 17:20:16 - ObjectDetection - INFO - Opening video source: 0
2026-06-06 17:20:32 - ObjectDetection - INFO - Entering main loop. Press 'Q' or 'ESC' to exit.
2026-06-06 17:20:47 - ObjectDetection - INFO - Video source released
2026-06-06 17:20:47 - ObjectDetection - INFO - Session Summary:
2026-06-06 17:20:47 - ObjectDetection - INFO - - Total Frames: 87
2026-06-06 17:20:47 - ObjectDetection - INFO - - Total Objects Detected: 86
2026-06-06 17:20:47 - ObjectDetection - INFO - - Average FPS: 5.89
2026-06-06 17:20:47 - ObjectDetection - INFO - Application exited successfully.
